<?xml version="1.0" encoding="UTF-8"?>
<testsuite name="Test Suite" tests="1" failures="0" time="129.48">
    <testcase name="User Login Test" time="129.48"/>
</testsuite>